(node:1932) [UNDICI-EHPA] Warning: EnvHttpProxyAgent is experimental, expect them to change at any time.
(Use `node --trace-warnings ...` to show where the warning was created)
batch 5: staged 60/60, spend $0.6855
batch 6: staged 60/60, spend $1.2951
batch 7: staged 60/60, spend $1.8851
batch 8: staged 60/60, spend $2.4719
batch 9: staged 60/60, spend $3.0250
batch 10: staged 60/60, spend $3.5378
batch 11: staged 60/60, spend $4.1091
batch 12: staged 60/60, spend $4.7604
batch 13: staged 60/60, spend $5.4906
batch 14: staged 60/60, spend $6.0948
batch 15: staged 60/60, spend $6.7525
batch 16: staged 60/60, spend $7.3537
batch 17: staged 60/60, spend $7.9658
batch 18: staged 60/60, spend $8.6185
batch 19: staged 60/60, spend $9.3590
batch 20: staged 60/60, spend $9.9184
batch 21: staged 60/60, spend $10.5520
batch 22: staged 60/60, spend $11.1836
batch 23: staged 60/60, spend $11.7872
batch 24: staged 60/60, spend $12.3564
batch 25: staged 60/60, spend $12.9966
batch 26: staged 60/60, spend $13.5642
batch 27: staged 60/60, spend $14.1688
batch 28: staged 60/60, spend $14.7718
batch 29: staged 60/60, spend $15.4031
batch 30: staged 60/60, spend $15.9715
batch 31: staged 60/60, spend $16.4674
batch 32: staged 60/60, spend $16.9742
batch 33: staged 60/60, spend $17.6166
batch 34: staged 60/60, spend $18.2119
batch 35: staged 60/60, spend $18.8265
batch 36: staged 35/35, spend $19.2371
DR run dr-finalize-2026-09-27
stop reason: completed
batches 32/36  staged 1895  skipped(resume) 240
spend $19.2371 of cap $1000.00

P1 FAIL every requested id returned exactly once (first response)
      {"requested":1895,"batches":[{"missingIds":[],"extraIds":[],"duplicateIds":[]},{"missingIds":[],"extraIds":[],"duplicateIds":[]},{"missingIds":[],"extraIds":[],"duplicateIds":[]},{"missingIds":[],"extraIds":[],"duplicateIds":[]},{"missingIds":[],"extraIds":[],"duplicateIds":[]},{"missingIds":[],"extraIds":[],"duplicateIds":[]},{"missingIds":[],"extraIds":[],"duplicateIds":[]},{"missingIds":[],"extraIds":[],"duplicateIds":[]},{"missingIds":[],"extraIds":[],"duplicateIds":[]},{"missingIds":[],"extraIds":[],"duplicateIds":[]},{"missingIds":[],"extraIds":[],"duplicateIds":[]},{"missingIds":[],"extraIds":[],"duplicateIds":[]},{"missingIds":[],"extraIds":[],"duplicateIds":[]},{"missingIds":[],"extraIds":[],"duplicateIds":[]},{"missingIds":[],"extraIds":[],"duplicateIds":[]},{"missingIds":[],"extraIds":[],"duplicateIds":[]},{"missingIds":[],"extraIds":[],"duplicateIds":[]},{"missingIds":[],"extraIds":[],"duplicateIds":[]},{"missingIds":[],"extraIds":[],"duplicateIds":[]},{"missingIds":[],"extraIds":[],"duplicateIds":[]},{"missingIds":[],"extraIds":[],"duplicateIds":[]},{"missingIds":[],"extraIds":[],"duplicateIds":[]},{"missingIds":[],"extraIds":[],"duplicateIds":[]},{"missingIds":[],"extraIds":[],"duplicateIds":[]},{"missingIds":[],"extraIds":[],"duplicateIds":[]},{"missingIds":[],"extraIds":[],"duplicateIds":[]},{"missingIds":[],"extraIds":[],"duplicateIds":[]},{"missingIds":[],"extraIds":[],"duplicateIds":[]},{"missingIds":[1485],"extraIds":[],"duplicateIds":[]},{"missingIds":[],"extraIds":[],"duplicateIds":[]},{"missingIds":[],"extraIds":[],"duplicateIds":[]},{"missingIds":[],"extraIds":[],"duplicateIds":[]}]}
P2 PASS schema conformance after at most 1 repair retry
      {"unresolvedIds":[],"repairCalls":1}
P3 PASS pos/register/form_origin/level are enum values only
      {"violations":[]}
P4 PASS every row carries level, level_reason, level_conf
      {"violations":[]}
P5 PASS level spread is at least 3 distinct values
      {"levels":{"1":181,"2":682,"3":765,"4":265,"5":2}}
P6 FAIL verb share of level 1-2 rows >= 0.3 (external signal 0.4)
      {"verbShare":0.054461181923522596,"lowBandRows":863,"externalSignal":0.4}
P7 —    held rate and native_check rate (recorded, not a gate)
      {"heldRate":0.9667546174142481,"held":1832,"rows":1895,"nativeCheckRate":0.08970976253298153,"nativeCheck":170}
P8 —    cost and output tokens per row, extrapolated to 2,728 (recorded)
      {"outputTokensPerRow":{"min":338.05,"p50":427.55,"p90":495.1,"max":982,"mean":446.14935064935065},"outputTokensPerCall":{"min":982,"p50":25603,"p90":28286,"max":32446,"mean":24653.545454545456},"maxTokensConfigured":64000,"worstCallVsMaxTokens":0.50696875,"thinkingTokens":{"total":494748,"perCall":{"min":647,"p50":15325,"p90":18284,"max":22413,"mean":14992.363636363636},"shareOfOutput":0.6081220108485226},"preambleTokens":{"created":{"min":7030,"p50":10688,"p90":10806,"max":10929,"mean":10544.454545454546},"read":{"min":27542,"p50":27542,"p90":27542,"max":27542,"mean":27542}},"metered":["transport"],"usd":19.2371172,"usdPerRow":0.010151513034300792,"usdExtrapolated":27.693327557572562}
P9 —    review_confidence distribution, extrapolated to 2,728 (recorded)
      {"distribution":{"1":105,"2":1729,"3":61},"extrapolated":{"1":151,"2":2489,"3":88},"rows":1895}
P10 PASS vowel-length flip rate >= 0.05 (pass/fail on the prompt, D210)
      {"flipRate":0.17783641160949867,"flipped":337,"rows":1895,"flippedIds":[1376,1779,1511,2446,1629,776,977,2683,1495,2538,2375,2108,2187,2117,2105,2453,352,167,1806,2428,2495,949,2193,2579,1900,2437,1877,1931,2244,1887,442,1311,1061,2554,1201,1794,260,1833,782,1625,1432,2082,1469,1352,1853,2154,1700,213,229,153,433,1254,1637,2071,973,1127,2728,1493,791,1980,2178,2388,967,450,1822,2533,827,1633,2166,1574,2064,2157,2247,1741,271,2616,1419,1327,1509,377,2358,1459,2405,2274,175,2078,1193,1557,151,1726,2501,255,1674,1524,955,1912,830,1898,2072,1884,1392,969,2303,1890,2505,2412,2488,282,169,789,957,2559,990,372,236,2042,2257,844,1510,1305,1322,152,1936,455,2304,2448,2129,164,1692,2648,493,174,2401,2668,1476,1818,1681,2420,2679,1504,2252,391,104,912,1703,1323,2259,1271,423,1859,1431,1198,1238,1730,823,2270,1776,24,1615,2654,2096,2456,1468,1057,1821,1894,1377,1239,2024,441,297,1744,1698,951,1467,2469,1022,2638,1513,824,1759,1645,1242,1892,2079,2168,905,406,290,1758,1006,1182,1675,2124,1245,257,479,1604,1702,965,1470,1514,2724,1222,1203,1434,242,1391,1662,1944,1316,1835,170,847,956,1192,1519,1415,2263,376,1763,2645,1803,1030,2519,1424,1600,1773,2577,2260,2373,259,300,2422,1994,2497,2539,467,1235,2725,1981,1852,2063,1472,2056,1864,2101,1324,2088,1422,464,1500,1656,1964,1445,991,2286,911,2357,1798,2508,1318,2099,2651,2684,2548,2496,2268,2359,2261,1287,1707,2423,283,821,2476,172,2272,942,216,1052,2421,1471,109,901,2107,2054,2366,1078,2672,2204,1035,1518,342,1312,1757,1228,1446,1972,2646,2262,2374,2053,2716,1834,1748,1304,173,2398,822,1608,285,1516,2474,392,1145,1079,924,2102,2350,1868,1386,1885,805,1647,1910,2520,2351,775,418,1904,1918,1473,1404,2726,1949,1268]}
artefacts: /home/user/hoopoe/runs/dr-finalize-2026-09-27
